/mnt/data/nanoGPT/train.py:207: FutureWarning: `torch.cuda.amp.GradScaler(args...)` is deprecated. Please use `torch.amp.GradScaler('cuda', args...)` instead.
  scaler = torch.cuda.amp.GradScaler(enabled=(dtype == 'float16'))
Overriding config with config/train_gpt2_200m_smoke.py:
# Smoke test for the 200M config: verify VRAM fits and measure ms/iter on the 4070.
# Same architecture as train_gpt2_200m.py, but: no compile (faster startup),
# tiny grad-accum, ~25 iters, log every step.

out_dir = 'out-gpt2-200m-smoke'
shard_dir = '/mnt/data/nanoGPT/data/fineweb/edu_fineweb100B'
dataset = 'fineweb'

eval_interval = 1000     # don't eval during smoke
eval_iters = 5
log_interval = 1
always_save_checkpoint = False

wandb_log = False

batch_size = 2
block_size = 1024
gradient_accumulation_steps = 4   # tiny — we just want timing per micro-batch

# Same architecture as the full run
n_layer = 18
n_head = 16
n_embd = 896
dropout = 0.0
bias = False

learning_rate = 4e-4
min_lr = 4e-5
warmup_iters = 5
max_iters = 25
lr_decay_iters = 25
weight_decay = 0.1
beta2 = 0.95
grad_clip = 1.0

compile = False

tokens per iteration will be: 8,192
[shards] train=1407 val=1 from /mnt/data/nanoGPT/data/fineweb/edu_fineweb100B
Initializing a new model from scratch
defaulting to vocab_size of GPT-2 to 50304 (50257 rounded up for efficiency)
number of parameters: 218.51M
num decayed parameter tensors: 74, with 219,398,144 parameters
num non-decayed parameter tensors: 37, with 33,152 parameters
using fused AdamW: True
[GPT] idx: (2, 1024) | tok_emb: (2, 1024, 896) | pos_emb: (1024, 896) | x after embed+drop: (2, 1024, 896)
[Attn] x: (2, 1024, 896) | q,k,v: (2, 16, 1024, 56) (B, n_head, T, head_size)
[MLP] in: (2, 1024, 896)
[MLP] after c_fc (4x expand): (2, 1024, 3584)
[MLP] after c_proj (back to n_embd): (2, 1024, 896)
[Attn] x: (2, 1024, 896) | q,k,v: (2, 16, 1024, 56) (B, n_head, T, head_size)
[MLP] in: (2, 1024, 896)
[MLP] after c_fc (4x expand): (2, 1024, 3584)
[MLP] after c_proj (back to n_embd): (2, 1024, 896)
[Attn] x: (2, 1024, 896) | q,k,v: (2, 16, 1024, 56) (B, n_head, T, head_size)
[MLP] in: (2, 1024, 896)
[MLP] after c_fc (4x expand): (2, 1024, 3584)
[MLP] after c_proj (back to n_embd): (2, 1024, 896)
[Attn] x: (2, 1024, 896) | q,k,v: (2, 16, 1024, 56) (B, n_head, T, head_size)
[MLP] in: (2, 1024, 896)
[MLP] after c_fc (4x expand): (2, 1024, 3584)
[MLP] after c_proj (back to n_embd): (2, 1024, 896)
[Attn] x: (2, 1024, 896) | q,k,v: (2, 16, 1024, 56) (B, n_head, T, head_size)
[MLP] in: (2, 1024, 896)
[MLP] after c_fc (4x expand): (2, 1024, 3584)
[MLP] after c_proj (back to n_embd): (2, 1024, 896)
[Attn] x: (2, 1024, 896) | q,k,v: (2, 16, 1024, 56) (B, n_head, T, head_size)
[MLP] in: (2, 1024, 896)
[MLP] after c_fc (4x expand): (2, 1024, 3584)
[MLP] after c_proj (back to n_embd): (2, 1024, 896)
[Attn] x: (2, 1024, 896) | q,k,v: (2, 16, 1024, 56) (B, n_head, T, head_size)
[MLP] in: (2, 1024, 896)
[MLP] after c_fc (4x expand): (2, 1024, 3584)
[MLP] after c_proj (back to n_embd): (2, 1024, 896)
[Attn] x: (2, 1024, 896) | q,k,v: (2, 16, 1024, 56) (B, n_head, T, head_size)
[MLP] in: (2, 1024, 896)
[MLP] after c_fc (4x expand): (2, 1024, 3584)
[MLP] after c_proj (back to n_embd): (2, 1024, 896)
[Attn] x: (2, 1024, 896) | q,k,v: (2, 16, 1024, 56) (B, n_head, T, head_size)
[MLP] in: (2, 1024, 896)
[MLP] after c_fc (4x expand): (2, 1024, 3584)
[MLP] after c_proj (back to n_embd): (2, 1024, 896)
[Attn] x: (2, 1024, 896) | q,k,v: (2, 16, 1024, 56) (B, n_head, T, head_size)
[MLP] in: (2, 1024, 896)
[MLP] after c_fc (4x expand): (2, 1024, 3584)
[MLP] after c_proj (back to n_embd): (2, 1024, 896)
[Attn] x: (2, 1024, 896) | q,k,v: (2, 16, 1024, 56) (B, n_head, T, head_size)
[MLP] in: (2, 1024, 896)
[MLP] after c_fc (4x expand): (2, 1024, 3584)
[MLP] after c_proj (back to n_embd): (2, 1024, 896)
[Attn] x: (2, 1024, 896) | q,k,v: (2, 16, 1024, 56) (B, n_head, T, head_size)
[MLP] in: (2, 1024, 896)
[MLP] after c_fc (4x expand): (2, 1024, 3584)
[MLP] after c_proj (back to n_embd): (2, 1024, 896)
[Attn] x: (2, 1024, 896) | q,k,v: (2, 16, 1024, 56) (B, n_head, T, head_size)
[MLP] in: (2, 1024, 896)
[MLP] after c_fc (4x expand): (2, 1024, 3584)
[MLP] after c_proj (back to n_embd): (2, 1024, 896)
[Attn] x: (2, 1024, 896) | q,k,v: (2, 16, 1024, 56) (B, n_head, T, head_size)
[MLP] in: (2, 1024, 896)
[MLP] after c_fc (4x expand): (2, 1024, 3584)
[MLP] after c_proj (back to n_embd): (2, 1024, 896)
[Attn] x: (2, 1024, 896) | q,k,v: (2, 16, 1024, 56) (B, n_head, T, head_size)
[MLP] in: (2, 1024, 896)
[MLP] after c_fc (4x expand): (2, 1024, 3584)
[MLP] after c_proj (back to n_embd): (2, 1024, 896)
[Attn] x: (2, 1024, 896) | q,k,v: (2, 16, 1024, 56) (B, n_head, T, head_size)
[MLP] in: (2, 1024, 896)
[MLP] after c_fc (4x expand): (2, 1024, 3584)
[MLP] after c_proj (back to n_embd): (2, 1024, 896)
[Attn] x: (2, 1024, 896) | q,k,v: (2, 16, 1024, 56) (B, n_head, T, head_size)
[MLP] in: (2, 1024, 896)
[MLP] after c_fc (4x expand): (2, 1024, 3584)
[MLP] after c_proj (back to n_embd): (2, 1024, 896)
[Attn] x: (2, 1024, 896) | q,k,v: (2, 16, 1024, 56) (B, n_head, T, head_size)
[MLP] in: (2, 1024, 896)
[MLP] after c_fc (4x expand): (2, 1024, 3584)
[MLP] after c_proj (back to n_embd): (2, 1024, 896)
[GPT] x after transformer: (2, 1024, 896) | logits: (2, 1024, 50304)
step 0: train loss 10.9848, val loss 10.9920
iter 0: loss 10.9770, time 1007.01ms, mfu -100.00%
iter 1: loss 10.1093, time 262.41ms, mfu -100.00%
iter 2: loss 9.6567, time 359.39ms, mfu -100.00%
iter 3: loss 9.5709, time 332.10ms, mfu -100.00%
iter 4: loss 9.3290, time 327.53ms, mfu -100.00%
iter 5: loss 9.1801, time 336.16ms, mfu 11.79%
iter 6: loss 8.8857, time 328.18ms, mfu 11.82%
iter 7: loss 8.5007, time 328.18ms, mfu 11.84%
iter 8: loss 8.4878, time 326.98ms, mfu 11.87%
iter 9: loss 8.2004, time 327.89ms, mfu 11.89%
iter 10: loss 8.0072, time 330.80ms, mfu 11.90%
iter 11: loss 8.0253, time 332.37ms, mfu 11.90%
iter 12: loss 8.1384, time 333.71ms, mfu 11.90%
iter 13: loss 8.1853, time 327.90ms, mfu 11.92%
iter 14: loss 7.8191, time 327.49ms, mfu 11.94%
iter 15: loss 7.6112, time 331.02ms, mfu 11.94%
iter 16: loss 8.0934, time 330.08ms, mfu 11.95%
iter 17: loss 8.1618, time 327.85ms, mfu 11.96%
iter 18: loss 7.8672, time 331.17ms, mfu 11.96%
iter 19: loss 8.1979, time 331.05ms, mfu 11.96%
iter 20: loss 8.0279, time 328.72ms, mfu 11.97%
iter 21: loss 7.4929, time 338.21ms, mfu 11.95%
iter 22: loss 7.7706, time 332.85ms, mfu 11.94%
iter 23: loss 7.7191, time 327.68ms, mfu 11.96%
iter 24: loss 7.6601, time 331.46ms, mfu 11.96%
iter 25: loss 7.8813, time 333.51ms, mfu 11.95%
